initial memoryLimit  = 0x0100
program size setting = none
loading HEX file     < 'tests/hex-files/this-file-does-not-exist.hex'
