initial memoryLimit  = 0x0100
program size setting = none
loading COM file     < 'tests/com-files/this-file-does-not-exist.com'
